[elegancetr.com/index.html]
[backblue.gif]
[fade.gif]
[index.html]
[cdn.ampproject.org/v0.js]
[cdn.ampproject.org/v0/amp-analytics-0.1.js]
[cdn.ampproject.org/v0/amp-carousel-0.1.js]
[cdn.ampproject.org/v0/amp-ad-0.1.js]
[elegancetr.com/images/Vip-Reklam-Alani.jpg]
[elegancetr.com/images/b86e5793ff182b23.png]
[elegancetr.com/images/d7ef35cf17d15d11.jpg]
[elegancetr.com/images/abf9e279cb808809.jpg]
[elegancetr.com/images/509730f619638c3e.jpg]
[elegancetr.com/images/326b80ebd9551b01.jpg]
[elegancetr.com/images/f5a4de46fd26d455.jpg]
[elegancetr.com/images/879d5c9158bda9d0.jpg]
[elegancetr.com/images/1274e246cfc86f60.jpg]
[elegancetr.com/images/3d0af15ed3aeadda.jpg]
[elegancetr.com/images/0c7d17283e4be5fe.jpg]
[elegancetr.com/images/7f5a109766b9a39a.jpg]
[elegancetr.com/images/b1e7be5611ab50a3.jpg]
[elegancetr.com/images/1d1961f3a1a7a456.jpg]
[elegancetr.com/images/7c97ee1de8a2cf77.jpg]
[elegancetr.com/images/b644217a6bfbd382.jpg]
[elegancetr.com/images/66eaf348c81dfef6.jpg]
[elegancetr.com/images/325f322cab1f036a.jpg]
[elegancetr.com/images/33e92fc177cca206.jpg]
[elegancetr.com/images/b6e43b00266487fb.jpg]
[elegancetr.com/images/589b6311ef7e41e1.jpg]
[elegancetr.com/images/9a7ea76e913a9f93.jpg]
[elegancetr.com/index.html]
